 
Ansys Electronics Desktop Version 2023.2.0, Build: 2023-05-16 22:25:19
Location: C:\Program Files\AnsysEM\v232\Win64\ansysedt.exe
Non Graphical Mode: No Project??
Starting Batch Run: 4:47:53 오후  4 23, 2026
Running as user: DESKTOP-G0J79H0\user
Temp directory: C:\Users\user\AppData\Local\Temp
Project directory: C:\Users\user\Documents\Ansoft
[warning] Unable to find script file C:/Users/user/JSAHN/SCDevice/scripts/import_and_simulate.py.
[Exiting application]
-- Message Window --
      *Global - Messages
        [warning] Unable to find script file C:/Users/user/JSAHN/SCDevice/scripts/import_and_simulate.py.
-- Message Window --
 
Ansys Electronics Desktop Version 2023.2.0, Build: 2023-05-16 22:25:19
Location: C:\Program Files\AnsysEM\v232\Win64\ansysedt.exe
Non Graphical Mode: No Project??
Starting Batch Run: 6:56:13 오후  4 23, 2026
Running as user: DESKTOP-G0J79H0\user
Temp directory: C:\Users\user\AppData\Local\Temp
Project directory: C:\Users\user\Documents\Ansoft
[warning] Unable to find script file C:/Users/user/JSAHN/SCDevice/scripts/import_and_simulate.py.
[Exiting application]
-- Message Window --
      *Global - Messages
        [warning] Unable to find script file C:/Users/user/JSAHN/SCDevice/scripts/import_and_simulate.py.
-- Message Window --
 
Ansys Electronics Desktop Version 2023.2.0, Build: 2023-05-16 22:25:19
Location: C:\Program Files\AnsysEM\v232\Win64\ansysedt.exe
Non Graphical Mode: No Project??
Starting Batch Run: 6:56:31 오후  4 23, 2026
Running as user: DESKTOP-G0J79H0\user
Temp directory: C:\Users\user\AppData\Local\Temp
Project directory: C:\Users\user\Documents\Ansoft
[warning] Unable to find script file C:/Users/user/JSAHN/SCDevice/scripts/import_and_simulate.py.
[Exiting application]
-- Message Window --
      *Global - Messages
        [warning] Unable to find script file C:/Users/user/JSAHN/SCDevice/scripts/import_and_simulate.py.
-- Message Window --
 
Ansys Electronics Desktop Version 2023.2.0, Build: 2023-05-16 22:25:19
Location: C:\Program Files\AnsysEM\v232\Win64\ansysedt.exe
Non Graphical Mode: No Project??
Starting Batch Run: 6:56:50 오후  4 23, 2026
Running as user: DESKTOP-G0J79H0\user
Temp directory: C:\Users\user\AppData\Local\Temp
Project directory: C:\Users\user\Documents\Ansoft
[warning] Unable to find script file C:/Users/user/JSAHN/SCDevice/scripts/import_and_simulate.py.
[Exiting application]
-- Message Window --
      *Global - Messages
        [warning] Unable to find script file C:/Users/user/JSAHN/SCDevice/scripts/import_and_simulate.py.
-- Message Window --
 
Ansys Electronics Desktop Version 2023.2.0, Build: 2023-05-16 22:25:19
Location: C:\Program Files\AnsysEM\v232\Win64\ansysedt.exe
Non Graphical Mode: No Project??
Starting Batch Run: 6:57:08 오후  4 23, 2026
Running as user: DESKTOP-G0J79H0\user
Temp directory: C:\Users\user\AppData\Local\Temp
Project directory: C:\Users\user\Documents\Ansoft
[warning] Unable to find script file C:/Users/user/JSAHN/SCDevice/scripts/import_and_simulate.py.
[Exiting application]
-- Message Window --
      *Global - Messages
        [warning] Unable to find script file C:/Users/user/JSAHN/SCDevice/scripts/import_and_simulate.py.
-- Message Window --
 
Ansys Electronics Desktop Version 2023.2.0, Build: 2023-05-16 22:25:19
Location: C:\Program Files\AnsysEM\v232\Win64\ansysedt.exe
Non Graphical Mode: No Project??
Starting Batch Run: 6:57:26 오후  4 23, 2026
Running as user: DESKTOP-G0J79H0\user
Temp directory: C:\Users\user\AppData\Local\Temp
Project directory: C:\Users\user\Documents\Ansoft
[warning] Unable to find script file C:/Users/user/JSAHN/SCDevice/scripts/import_and_simulate.py.
[Exiting application]
-- Message Window --
      *Global - Messages
        [warning] Unable to find script file C:/Users/user/JSAHN/SCDevice/scripts/import_and_simulate.py.
-- Message Window --
 
Ansys Electronics Desktop Version 2023.2.0, Build: 2023-05-16 22:25:19
Location: C:\Program Files\AnsysEM\v232\Win64\ansysedt.exe
Non Graphical Mode: No Project??
Starting Batch Run: 6:57:44 오후  4 23, 2026
Running as user: DESKTOP-G0J79H0\user
Temp directory: C:\Users\user\AppData\Local\Temp
Project directory: C:\Users\user\Documents\Ansoft
[warning] Unable to find script file C:/Users/user/JSAHN/SCDevice/scripts/import_and_simulate.py.
[Exiting application]
-- Message Window --
      *Global - Messages
        [warning] Unable to find script file C:/Users/user/JSAHN/SCDevice/scripts/import_and_simulate.py.
-- Message Window --
 
Ansys Electronics Desktop Version 2023.2.0, Build: 2023-05-16 22:25:19
Location: C:\Program Files\AnsysEM\v232\Win64\ansysedt.exe
Non Graphical Mode: No Project??
Starting Batch Run: 6:58:02 오후  4 23, 2026
Running as user: DESKTOP-G0J79H0\user
Temp directory: C:\Users\user\AppData\Local\Temp
Project directory: C:\Users\user\Documents\Ansoft
[warning] Unable to find script file C:/Users/user/JSAHN/SCDevice/scripts/import_and_simulate.py.
[Exiting application]
-- Message Window --
      *Global - Messages
        [warning] Unable to find script file C:/Users/user/JSAHN/SCDevice/scripts/import_and_simulate.py.
-- Message Window --
 
Ansys Electronics Desktop Version 2023.2.0, Build: 2023-05-16 22:25:19
Location: C:\Program Files\AnsysEM\v232\Win64\ansysedt.exe
Non Graphical Mode: No Project??
Starting Batch Run: 6:58:20 오후  4 23, 2026
Running as user: DESKTOP-G0J79H0\user
Temp directory: C:\Users\user\AppData\Local\Temp
Project directory: C:\Users\user\Documents\Ansoft
[warning] Unable to find script file C:/Users/user/JSAHN/SCDevice/scripts/import_and_simulate.py.
[Exiting application]
-- Message Window --
      *Global - Messages
        [warning] Unable to find script file C:/Users/user/JSAHN/SCDevice/scripts/import_and_simulate.py.
-- Message Window --
 
Ansys Electronics Desktop Version 2023.2.0, Build: 2023-05-16 22:25:19
Location: C:\Program Files\AnsysEM\v232\Win64\ansysedt.exe
Non Graphical Mode: No Project??
Starting Batch Run: 6:58:38 오후  4 23, 2026
Running as user: DESKTOP-G0J79H0\user
Temp directory: C:\Users\user\AppData\Local\Temp
Project directory: C:\Users\user\Documents\Ansoft
[warning] Unable to find script file C:/Users/user/JSAHN/SCDevice/scripts/import_and_simulate.py.
[Exiting application]
-- Message Window --
      *Global - Messages
        [warning] Unable to find script file C:/Users/user/JSAHN/SCDevice/scripts/import_and_simulate.py.
-- Message Window --
 
Ansys Electronics Desktop Version 2023.2.0, Build: 2023-05-16 22:25:19
Location: C:\Program Files\AnsysEM\v232\Win64\ansysedt.exe
Non Graphical Mode: No Project??
Starting Batch Run: 6:58:56 오후  4 23, 2026
Running as user: DESKTOP-G0J79H0\user
Temp directory: C:\Users\user\AppData\Local\Temp
Project directory: C:\Users\user\Documents\Ansoft
[warning] Unable to find script file C:/Users/user/JSAHN/SCDevice/scripts/import_and_simulate.py.
[Exiting application]
-- Message Window --
      *Global - Messages
        [warning] Unable to find script file C:/Users/user/JSAHN/SCDevice/scripts/import_and_simulate.py.
-- Message Window --
 
Ansys Electronics Desktop Version 2023.2.0, Build: 2023-05-16 22:25:19
Location: C:\Program Files\AnsysEM\v232\Win64\ansysedt.exe
Non Graphical Mode: No Project??
Starting Batch Run: 6:59:14 오후  4 23, 2026
Running as user: DESKTOP-G0J79H0\user
Temp directory: C:\Users\user\AppData\Local\Temp
Project directory: C:\Users\user\Documents\Ansoft
[warning] Unable to find script file C:/Users/user/JSAHN/SCDevice/scripts/import_and_simulate.py.
[Exiting application]
-- Message Window --
      *Global - Messages
        [warning] Unable to find script file C:/Users/user/JSAHN/SCDevice/scripts/import_and_simulate.py.
-- Message Window --
 
Ansys Electronics Desktop Version 2023.2.0, Build: 2023-05-16 22:25:19
Location: C:\Program Files\AnsysEM\v232\Win64\ansysedt.exe
Non Graphical Mode: No Project??
Starting Batch Run: 6:59:32 오후  4 23, 2026
Running as user: DESKTOP-G0J79H0\user
Temp directory: C:\Users\user\AppData\Local\Temp
Project directory: C:\Users\user\Documents\Ansoft
[warning] Unable to find script file C:/Users/user/JSAHN/SCDevice/scripts/import_and_simulate.py.
[Exiting application]
-- Message Window --
      *Global - Messages
        [warning] Unable to find script file C:/Users/user/JSAHN/SCDevice/scripts/import_and_simulate.py.
-- Message Window --
 
Ansys Electronics Desktop Version 2023.2.0, Build: 2023-05-16 22:25:19
Location: C:\Program Files\AnsysEM\v232\Win64\ansysedt.exe
Non Graphical Mode: No Project??
Starting Batch Run: 6:59:50 오후  4 23, 2026
Running as user: DESKTOP-G0J79H0\user
Temp directory: C:\Users\user\AppData\Local\Temp
Project directory: C:\Users\user\Documents\Ansoft
[warning] Unable to find script file C:/Users/user/JSAHN/SCDevice/scripts/import_and_simulate.py.
[Exiting application]
-- Message Window --
      *Global - Messages
        [warning] Unable to find script file C:/Users/user/JSAHN/SCDevice/scripts/import_and_simulate.py.
-- Message Window --
 
Ansys Electronics Desktop Version 2023.2.0, Build: 2023-05-16 22:25:19
Location: C:\Program Files\AnsysEM\v232\Win64\ansysedt.exe
Non Graphical Mode: No Project??
Starting Batch Run: 7:00:08 오후  4 23, 2026
Running as user: DESKTOP-G0J79H0\user
Temp directory: C:\Users\user\AppData\Local\Temp
Project directory: C:\Users\user\Documents\Ansoft
[warning] Unable to find script file C:/Users/user/JSAHN/SCDevice/scripts/import_and_simulate.py.
[Exiting application]
-- Message Window --
      *Global - Messages
        [warning] Unable to find script file C:/Users/user/JSAHN/SCDevice/scripts/import_and_simulate.py.
-- Message Window --
 
Ansys Electronics Desktop Version 2023.2.0, Build: 2023-05-16 22:25:19
Location: C:\Program Files\AnsysEM\v232\Win64\ansysedt.exe
Non Graphical Mode: No Project??
Starting Batch Run: 7:00:26 오후  4 23, 2026
Running as user: DESKTOP-G0J79H0\user
Temp directory: C:\Users\user\AppData\Local\Temp
Project directory: C:\Users\user\Documents\Ansoft
[warning] Unable to find script file C:/Users/user/JSAHN/SCDevice/scripts/import_and_simulate.py.
[Exiting application]
-- Message Window --
      *Global - Messages
        [warning] Unable to find script file C:/Users/user/JSAHN/SCDevice/scripts/import_and_simulate.py.
-- Message Window --
 
Ansys Electronics Desktop Version 2023.2.0, Build: 2023-05-16 22:25:19
Location: C:\Program Files\AnsysEM\v232\Win64\ansysedt.exe
Non Graphical Mode: No Project??
Starting Batch Run: 7:00:44 오후  4 23, 2026
Running as user: DESKTOP-G0J79H0\user
Temp directory: C:\Users\user\AppData\Local\Temp
Project directory: C:\Users\user\Documents\Ansoft
[warning] Unable to find script file C:/Users/user/JSAHN/SCDevice/scripts/import_and_simulate.py.
[Exiting application]
-- Message Window --
      *Global - Messages
        [warning] Unable to find script file C:/Users/user/JSAHN/SCDevice/scripts/import_and_simulate.py.
-- Message Window --
 
Ansys Electronics Desktop Version 2023.2.0, Build: 2023-05-16 22:25:19
Location: C:\Program Files\AnsysEM\v232\Win64\ansysedt.exe
Non Graphical Mode: No Project??
Starting Batch Run: 7:01:02 오후  4 23, 2026
Running as user: DESKTOP-G0J79H0\user
Temp directory: C:\Users\user\AppData\Local\Temp
Project directory: C:\Users\user\Documents\Ansoft
[warning] Unable to find script file C:/Users/user/JSAHN/SCDevice/scripts/import_and_simulate.py.
[Exiting application]
-- Message Window --
      *Global - Messages
        [warning] Unable to find script file C:/Users/user/JSAHN/SCDevice/scripts/import_and_simulate.py.
-- Message Window --
 
Ansys Electronics Desktop Version 2023.2.0, Build: 2023-05-16 22:25:19
Location: C:\Program Files\AnsysEM\v232\Win64\ansysedt.exe
Non Graphical Mode: No Project??
Starting Batch Run: 7:01:20 오후  4 23, 2026
Running as user: DESKTOP-G0J79H0\user
Temp directory: C:\Users\user\AppData\Local\Temp
Project directory: C:\Users\user\Documents\Ansoft
[warning] Unable to find script file C:/Users/user/JSAHN/SCDevice/scripts/import_and_simulate.py.
[Exiting application]
-- Message Window --
      *Global - Messages
        [warning] Unable to find script file C:/Users/user/JSAHN/SCDevice/scripts/import_and_simulate.py.
-- Message Window --
 
Ansys Electronics Desktop Version 2023.2.0, Build: 2023-05-16 22:25:19
Location: C:\Program Files\AnsysEM\v232\Win64\ansysedt.exe
Non Graphical Mode: No Project??
Starting Batch Run: 7:01:38 오후  4 23, 2026
Running as user: DESKTOP-G0J79H0\user
Temp directory: C:\Users\user\AppData\Local\Temp
Project directory: C:\Users\user\Documents\Ansoft
[warning] Unable to find script file C:/Users/user/JSAHN/SCDevice/scripts/import_and_simulate.py.
[Exiting application]
-- Message Window --
      *Global - Messages
        [warning] Unable to find script file C:/Users/user/JSAHN/SCDevice/scripts/import_and_simulate.py.
-- Message Window --
 
Ansys Electronics Desktop Version 2023.2.0, Build: 2023-05-16 22:25:19
Location: C:\Program Files\AnsysEM\v232\Win64\ansysedt.exe
Non Graphical Mode: No Project??
Starting Batch Run: 7:01:56 오후  4 23, 2026
Running as user: DESKTOP-G0J79H0\user
Temp directory: C:\Users\user\AppData\Local\Temp
Project directory: C:\Users\user\Documents\Ansoft
[warning] Unable to find script file C:/Users/user/JSAHN/SCDevice/scripts/import_and_simulate.py.
[Exiting application]
-- Message Window --
      *Global - Messages
        [warning] Unable to find script file C:/Users/user/JSAHN/SCDevice/scripts/import_and_simulate.py.
-- Message Window --
 
Ansys Electronics Desktop Version 2023.2.0, Build: 2023-05-16 22:25:19
Location: C:\Program Files\AnsysEM\v232\Win64\ansysedt.exe
Non Graphical Mode: No Project??
Starting Batch Run: 7:02:14 오후  4 23, 2026
Running as user: DESKTOP-G0J79H0\user
Temp directory: C:\Users\user\AppData\Local\Temp
Project directory: C:\Users\user\Documents\Ansoft
[warning] Unable to find script file C:/Users/user/JSAHN/SCDevice/scripts/import_and_simulate.py.
[Exiting application]
-- Message Window --
      *Global - Messages
        [warning] Unable to find script file C:/Users/user/JSAHN/SCDevice/scripts/import_and_simulate.py.
-- Message Window --
 
Ansys Electronics Desktop Version 2023.2.0, Build: 2023-05-16 22:25:19
Location: C:\Program Files\AnsysEM\v232\Win64\ansysedt.exe
Non Graphical Mode: No Project??
Starting Batch Run: 7:02:32 오후  4 23, 2026
Running as user: DESKTOP-G0J79H0\user
Temp directory: C:\Users\user\AppData\Local\Temp
Project directory: C:\Users\user\Documents\Ansoft
[warning] Unable to find script file C:/Users/user/JSAHN/SCDevice/scripts/import_and_simulate.py.
[Exiting application]
-- Message Window --
      *Global - Messages
        [warning] Unable to find script file C:/Users/user/JSAHN/SCDevice/scripts/import_and_simulate.py.
-- Message Window --
 
Ansys Electronics Desktop Version 2023.2.0, Build: 2023-05-16 22:25:19
Location: C:\Program Files\AnsysEM\v232\Win64\ansysedt.exe
Non Graphical Mode: No Project??
Starting Batch Run: 7:02:50 오후  4 23, 2026
Running as user: DESKTOP-G0J79H0\user
Temp directory: C:\Users\user\AppData\Local\Temp
Project directory: C:\Users\user\Documents\Ansoft
[warning] Unable to find script file C:/Users/user/JSAHN/SCDevice/scripts/import_and_simulate.py.
[Exiting application]
-- Message Window --
      *Global - Messages
        [warning] Unable to find script file C:/Users/user/JSAHN/SCDevice/scripts/import_and_simulate.py.
-- Message Window --
 
Ansys Electronics Desktop Version 2023.2.0, Build: 2023-05-16 22:25:19
Location: C:\Program Files\AnsysEM\v232\Win64\ansysedt.exe
Non Graphical Mode: No Project??
Starting Batch Run: 7:03:08 오후  4 23, 2026
Running as user: DESKTOP-G0J79H0\user
Temp directory: C:\Users\user\AppData\Local\Temp
Project directory: C:\Users\user\Documents\Ansoft
[warning] Unable to find script file C:/Users/user/JSAHN/SCDevice/scripts/import_and_simulate.py.
[Exiting application]
-- Message Window --
      *Global - Messages
        [warning] Unable to find script file C:/Users/user/JSAHN/SCDevice/scripts/import_and_simulate.py.
-- Message Window --
 
Ansys Electronics Desktop Version 2023.2.0, Build: 2023-05-16 22:25:19
Location: C:\Program Files\AnsysEM\v232\Win64\ansysedt.exe
Non Graphical Mode: No Project??
Starting Batch Run: 7:03:26 오후  4 23, 2026
Running as user: DESKTOP-G0J79H0\user
Temp directory: C:\Users\user\AppData\Local\Temp
Project directory: C:\Users\user\Documents\Ansoft
[warning] Unable to find script file C:/Users/user/JSAHN/SCDevice/scripts/import_and_simulate.py.
[Exiting application]
-- Message Window --
      *Global - Messages
        [warning] Unable to find script file C:/Users/user/JSAHN/SCDevice/scripts/import_and_simulate.py.
-- Message Window --
 
Ansys Electronics Desktop Version 2023.2.0, Build: 2023-05-16 22:25:19
Location: C:\Program Files\AnsysEM\v232\Win64\ansysedt.exe
Non Graphical Mode: No Project??
Starting Batch Run: 7:03:44 오후  4 23, 2026
Running as user: DESKTOP-G0J79H0\user
Temp directory: C:\Users\user\AppData\Local\Temp
Project directory: C:\Users\user\Documents\Ansoft
[warning] Unable to find script file C:/Users/user/JSAHN/SCDevice/scripts/import_and_simulate.py.
[Exiting application]
-- Message Window --
      *Global - Messages
        [warning] Unable to find script file C:/Users/user/JSAHN/SCDevice/scripts/import_and_simulate.py.
-- Message Window --
 
Ansys Electronics Desktop Version 2023.2.0, Build: 2023-05-16 22:25:19
Location: C:\Program Files\AnsysEM\v232\Win64\ansysedt.exe
Non Graphical Mode: No Project??
Starting Batch Run: 7:04:02 오후  4 23, 2026
Running as user: DESKTOP-G0J79H0\user
Temp directory: C:\Users\user\AppData\Local\Temp
Project directory: C:\Users\user\Documents\Ansoft
[warning] Unable to find script file C:/Users/user/JSAHN/SCDevice/scripts/import_and_simulate.py.
[Exiting application]
-- Message Window --
      *Global - Messages
        [warning] Unable to find script file C:/Users/user/JSAHN/SCDevice/scripts/import_and_simulate.py.
-- Message Window --
 
Ansys Electronics Desktop Version 2023.2.0, Build: 2023-05-16 22:25:19
Location: C:\Program Files\AnsysEM\v232\Win64\ansysedt.exe
Non Graphical Mode: No Project??
Starting Batch Run: 7:04:20 오후  4 23, 2026
Running as user: DESKTOP-G0J79H0\user
Temp directory: C:\Users\user\AppData\Local\Temp
Project directory: C:\Users\user\Documents\Ansoft
[warning] Unable to find script file C:/Users/user/JSAHN/SCDevice/scripts/import_and_simulate.py.
[Exiting application]
-- Message Window --
      *Global - Messages
        [warning] Unable to find script file C:/Users/user/JSAHN/SCDevice/scripts/import_and_simulate.py.
-- Message Window --
 
Ansys Electronics Desktop Version 2023.2.0, Build: 2023-05-16 22:25:19
Location: C:\Program Files\AnsysEM\v232\Win64\ansysedt.exe
Non Graphical Mode: No Project??
Starting Batch Run: 7:04:38 오후  4 23, 2026
Running as user: DESKTOP-G0J79H0\user
Temp directory: C:\Users\user\AppData\Local\Temp
Project directory: C:\Users\user\Documents\Ansoft
[warning] Unable to find script file C:/Users/user/JSAHN/SCDevice/scripts/import_and_simulate.py.
[Exiting application]
-- Message Window --
      *Global - Messages
        [warning] Unable to find script file C:/Users/user/JSAHN/SCDevice/scripts/import_and_simulate.py.
-- Message Window --
 
Ansys Electronics Desktop Version 2023.2.0, Build: 2023-05-16 22:25:19
Location: C:\Program Files\AnsysEM\v232\Win64\ansysedt.exe
Non Graphical Mode: No Project??
Starting Batch Run: 7:04:56 오후  4 23, 2026
Running as user: DESKTOP-G0J79H0\user
Temp directory: C:\Users\user\AppData\Local\Temp
Project directory: C:\Users\user\Documents\Ansoft
[warning] Unable to find script file C:/Users/user/JSAHN/SCDevice/scripts/import_and_simulate.py.
[Exiting application]
-- Message Window --
      *Global - Messages
        [warning] Unable to find script file C:/Users/user/JSAHN/SCDevice/scripts/import_and_simulate.py.
-- Message Window --
 
Ansys Electronics Desktop Version 2023.2.0, Build: 2023-05-16 22:25:19
Location: C:\Program Files\AnsysEM\v232\Win64\ansysedt.exe
Non Graphical Mode: No Project??
Starting Batch Run: 7:05:14 오후  4 23, 2026
Running as user: DESKTOP-G0J79H0\user
Temp directory: C:\Users\user\AppData\Local\Temp
Project directory: C:\Users\user\Documents\Ansoft
[warning] Unable to find script file C:/Users/user/JSAHN/SCDevice/scripts/import_and_simulate.py.
[Exiting application]
-- Message Window --
      *Global - Messages
        [warning] Unable to find script file C:/Users/user/JSAHN/SCDevice/scripts/import_and_simulate.py.
-- Message Window --
 
Ansys Electronics Desktop Version 2023.2.0, Build: 2023-05-16 22:25:19
Location: C:\Program Files\AnsysEM\v232\Win64\ansysedt.exe
Non Graphical Mode: No Project??
Starting Batch Run: 7:05:32 오후  4 23, 2026
Running as user: DESKTOP-G0J79H0\user
Temp directory: C:\Users\user\AppData\Local\Temp
Project directory: C:\Users\user\Documents\Ansoft
[warning] Unable to find script file C:/Users/user/JSAHN/SCDevice/scripts/import_and_simulate.py.
[Exiting application]
-- Message Window --
      *Global - Messages
        [warning] Unable to find script file C:/Users/user/JSAHN/SCDevice/scripts/import_and_simulate.py.
-- Message Window --
 
Ansys Electronics Desktop Version 2023.2.0, Build: 2023-05-16 22:25:19
Location: C:\Program Files\AnsysEM\v232\Win64\ansysedt.exe
Non Graphical Mode: No Project??
Starting Batch Run: 7:05:50 오후  4 23, 2026
Running as user: DESKTOP-G0J79H0\user
Temp directory: C:\Users\user\AppData\Local\Temp
Project directory: C:\Users\user\Documents\Ansoft
[warning] Unable to find script file C:/Users/user/JSAHN/SCDevice/scripts/import_and_simulate.py.
[Exiting application]
-- Message Window --
      *Global - Messages
        [warning] Unable to find script file C:/Users/user/JSAHN/SCDevice/scripts/import_and_simulate.py.
-- Message Window --
 
Ansys Electronics Desktop Version 2023.2.0, Build: 2023-05-16 22:25:19
Location: C:\Program Files\AnsysEM\v232\Win64\ansysedt.exe
Non Graphical Mode: No Project??
Starting Batch Run: 7:06:08 오후  4 23, 2026
Running as user: DESKTOP-G0J79H0\user
Temp directory: C:\Users\user\AppData\Local\Temp
Project directory: C:\Users\user\Documents\Ansoft
[warning] Unable to find script file C:/Users/user/JSAHN/SCDevice/scripts/import_and_simulate.py.
[Exiting application]
-- Message Window --
      *Global - Messages
        [warning] Unable to find script file C:/Users/user/JSAHN/SCDevice/scripts/import_and_simulate.py.
-- Message Window --
 
Ansys Electronics Desktop Version 2023.2.0, Build: 2023-05-16 22:25:19
Location: C:\Program Files\AnsysEM\v232\Win64\ansysedt.exe
Non Graphical Mode: No Project??
Starting Batch Run: 7:06:26 오후  4 23, 2026
Running as user: DESKTOP-G0J79H0\user
Temp directory: C:\Users\user\AppData\Local\Temp
Project directory: C:\Users\user\Documents\Ansoft
[warning] Unable to find script file C:/Users/user/JSAHN/SCDevice/scripts/import_and_simulate.py.
[Exiting application]
-- Message Window --
      *Global - Messages
        [warning] Unable to find script file C:/Users/user/JSAHN/SCDevice/scripts/import_and_simulate.py.
-- Message Window --
 
Ansys Electronics Desktop Version 2023.2.0, Build: 2023-05-16 22:25:19
Location: C:\Program Files\AnsysEM\v232\Win64\ansysedt.exe
Non Graphical Mode: No Project??
Starting Batch Run: 7:06:44 오후  4 23, 2026
Running as user: DESKTOP-G0J79H0\user
Temp directory: C:\Users\user\AppData\Local\Temp
Project directory: C:\Users\user\Documents\Ansoft
[warning] Unable to find script file C:/Users/user/JSAHN/SCDevice/scripts/import_and_simulate.py.
[Exiting application]
-- Message Window --
      *Global - Messages
        [warning] Unable to find script file C:/Users/user/JSAHN/SCDevice/scripts/import_and_simulate.py.
-- Message Window --
 
Ansys Electronics Desktop Version 2023.2.0, Build: 2023-05-16 22:25:19
Location: C:\Program Files\AnsysEM\v232\Win64\ansysedt.exe
Non Graphical Mode: No Project??
Starting Batch Run: 7:07:02 오후  4 23, 2026
Running as user: DESKTOP-G0J79H0\user
Temp directory: C:\Users\user\AppData\Local\Temp
Project directory: C:\Users\user\Documents\Ansoft
[warning] Unable to find script file C:/Users/user/JSAHN/SCDevice/scripts/import_and_simulate.py.
[Exiting application]
-- Message Window --
      *Global - Messages
        [warning] Unable to find script file C:/Users/user/JSAHN/SCDevice/scripts/import_and_simulate.py.
-- Message Window --
 
Ansys Electronics Desktop Version 2023.2.0, Build: 2023-05-16 22:25:19
Location: C:\Program Files\AnsysEM\v232\Win64\ansysedt.exe
Non Graphical Mode: No Project??
Starting Batch Run: 7:07:19 오후  4 23, 2026
Running as user: DESKTOP-G0J79H0\user
Temp directory: C:\Users\user\AppData\Local\Temp
Project directory: C:\Users\user\Documents\Ansoft
[warning] Unable to find script file C:/Users/user/JSAHN/SCDevice/scripts/import_and_simulate.py.
[Exiting application]
-- Message Window --
      *Global - Messages
        [warning] Unable to find script file C:/Users/user/JSAHN/SCDevice/scripts/import_and_simulate.py.
-- Message Window --
 
Ansys Electronics Desktop Version 2023.2.0, Build: 2023-05-16 22:25:19
Location: C:\Program Files\AnsysEM\v232\Win64\ansysedt.exe
Non Graphical Mode: No Project??
Starting Batch Run: 7:07:37 오후  4 23, 2026
Running as user: DESKTOP-G0J79H0\user
Temp directory: C:\Users\user\AppData\Local\Temp
Project directory: C:\Users\user\Documents\Ansoft
[warning] Unable to find script file C:/Users/user/JSAHN/SCDevice/scripts/import_and_simulate.py.
[Exiting application]
-- Message Window --
      *Global - Messages
        [warning] Unable to find script file C:/Users/user/JSAHN/SCDevice/scripts/import_and_simulate.py.
-- Message Window --
 
Ansys Electronics Desktop Version 2023.2.0, Build: 2023-05-16 22:25:19
Location: C:\Program Files\AnsysEM\v232\Win64\ansysedt.exe
Non Graphical Mode: No Project??
Starting Batch Run: 7:07:55 오후  4 23, 2026
Running as user: DESKTOP-G0J79H0\user
Temp directory: C:\Users\user\AppData\Local\Temp
Project directory: C:\Users\user\Documents\Ansoft
[warning] Unable to find script file C:/Users/user/JSAHN/SCDevice/scripts/import_and_simulate.py.
[Exiting application]
-- Message Window --
      *Global - Messages
        [warning] Unable to find script file C:/Users/user/JSAHN/SCDevice/scripts/import_and_simulate.py.
-- Message Window --
 
Ansys Electronics Desktop Version 2023.2.0, Build: 2023-05-16 22:25:19
Location: C:\Program Files\AnsysEM\v232\Win64\ansysedt.exe
Non Graphical Mode: No Project??
Starting Batch Run: 7:08:14 오후  4 23, 2026
Running as user: DESKTOP-G0J79H0\user
Temp directory: C:\Users\user\AppData\Local\Temp
Project directory: C:\Users\user\Documents\Ansoft
[warning] Unable to find script file C:/Users/user/JSAHN/SCDevice/scripts/import_and_simulate.py.
[Exiting application]
-- Message Window --
      *Global - Messages
        [warning] Unable to find script file C:/Users/user/JSAHN/SCDevice/scripts/import_and_simulate.py.
-- Message Window --
 
Ansys Electronics Desktop Version 2023.2.0, Build: 2023-05-16 22:25:19
Location: C:\Program Files\AnsysEM\v232\Win64\ansysedt.exe
Non Graphical Mode: No Project??
Starting Batch Run: 7:08:32 오후  4 23, 2026
Running as user: DESKTOP-G0J79H0\user
Temp directory: C:\Users\user\AppData\Local\Temp
Project directory: C:\Users\user\Documents\Ansoft
[warning] Unable to find script file C:/Users/user/JSAHN/SCDevice/scripts/import_and_simulate.py.
[Exiting application]
-- Message Window --
      *Global - Messages
        [warning] Unable to find script file C:/Users/user/JSAHN/SCDevice/scripts/import_and_simulate.py.
-- Message Window --
 
Ansys Electronics Desktop Version 2023.2.0, Build: 2023-05-16 22:25:19
Location: C:\Program Files\AnsysEM\v232\Win64\ansysedt.exe
Non Graphical Mode: No Project??
Starting Batch Run: 7:08:50 오후  4 23, 2026
Running as user: DESKTOP-G0J79H0\user
Temp directory: C:\Users\user\AppData\Local\Temp
Project directory: C:\Users\user\Documents\Ansoft
[warning] Unable to find script file C:/Users/user/JSAHN/SCDevice/scripts/import_and_simulate.py.
[Exiting application]
-- Message Window --
      *Global - Messages
        [warning] Unable to find script file C:/Users/user/JSAHN/SCDevice/scripts/import_and_simulate.py.
-- Message Window --
 
Ansys Electronics Desktop Version 2023.2.0, Build: 2023-05-16 22:25:19
Location: C:\Program Files\AnsysEM\v232\Win64\ansysedt.exe
Non Graphical Mode: No Project??
Starting Batch Run: 7:09:09 오후  4 23, 2026
Running as user: DESKTOP-G0J79H0\user
Temp directory: C:\Users\user\AppData\Local\Temp
Project directory: C:\Users\user\Documents\Ansoft
[warning] Unable to find script file C:/Users/user/JSAHN/SCDevice/scripts/import_and_simulate.py.
[Exiting application]
-- Message Window --
      *Global - Messages
        [warning] Unable to find script file C:/Users/user/JSAHN/SCDevice/scripts/import_and_simulate.py.
-- Message Window --
 
Ansys Electronics Desktop Version 2023.2.0, Build: 2023-05-16 22:25:19
Location: C:\Program Files\AnsysEM\v232\Win64\ansysedt.exe
Non Graphical Mode: No Project??
Starting Batch Run: 7:09:27 오후  4 23, 2026
Running as user: DESKTOP-G0J79H0\user
Temp directory: C:\Users\user\AppData\Local\Temp
Project directory: C:\Users\user\Documents\Ansoft
[warning] Unable to find script file C:/Users/user/JSAHN/SCDevice/scripts/import_and_simulate.py.
[Exiting application]
-- Message Window --
      *Global - Messages
        [warning] Unable to find script file C:/Users/user/JSAHN/SCDevice/scripts/import_and_simulate.py.
-- Message Window --
 
Ansys Electronics Desktop Version 2023.2.0, Build: 2023-05-16 22:25:19
Location: C:\Program Files\AnsysEM\v232\Win64\ansysedt.exe
Non Graphical Mode: No Project??
Starting Batch Run: 7:09:46 오후  4 23, 2026
Running as user: DESKTOP-G0J79H0\user
Temp directory: C:\Users\user\AppData\Local\Temp
Project directory: C:\Users\user\Documents\Ansoft
[warning] Unable to find script file C:/Users/user/JSAHN/SCDevice/scripts/import_and_simulate.py.
[Exiting application]
-- Message Window --
      *Global - Messages
        [warning] Unable to find script file C:/Users/user/JSAHN/SCDevice/scripts/import_and_simulate.py.
-- Message Window --
 
Ansys Electronics Desktop Version 2023.2.0, Build: 2023-05-16 22:25:19
Location: C:\Program Files\AnsysEM\v232\Win64\ansysedt.exe
Non Graphical Mode: No Project??
Starting Batch Run: 7:10:04 오후  4 23, 2026
Running as user: DESKTOP-G0J79H0\user
Temp directory: C:\Users\user\AppData\Local\Temp
Project directory: C:\Users\user\Documents\Ansoft
[warning] Unable to find script file C:/Users/user/JSAHN/SCDevice/scripts/import_and_simulate.py.
[Exiting application]
-- Message Window --
      *Global - Messages
        [warning] Unable to find script file C:/Users/user/JSAHN/SCDevice/scripts/import_and_simulate.py.
-- Message Window --
 
Ansys Electronics Desktop Version 2023.2.0, Build: 2023-05-16 22:25:19
Location: C:\Program Files\AnsysEM\v232\Win64\ansysedt.exe
Non Graphical Mode: No Project??
Starting Batch Run: 7:10:22 오후  4 23, 2026
Running as user: DESKTOP-G0J79H0\user
Temp directory: C:\Users\user\AppData\Local\Temp
Project directory: C:\Users\user\Documents\Ansoft
[warning] Unable to find script file C:/Users/user/JSAHN/SCDevice/scripts/import_and_simulate.py.
[Exiting application]
-- Message Window --
      *Global - Messages
        [warning] Unable to find script file C:/Users/user/JSAHN/SCDevice/scripts/import_and_simulate.py.
-- Message Window --
 
Ansys Electronics Desktop Version 2023.2.0, Build: 2023-05-16 22:25:19
Location: C:\Program Files\AnsysEM\v232\Win64\ansysedt.exe
Non Graphical Mode: No Project??
Starting Batch Run: 7:10:41 오후  4 23, 2026
Running as user: DESKTOP-G0J79H0\user
Temp directory: C:\Users\user\AppData\Local\Temp
Project directory: C:\Users\user\Documents\Ansoft
[warning] Unable to find script file C:/Users/user/JSAHN/SCDevice/scripts/import_and_simulate.py.
[Exiting application]
-- Message Window --
      *Global - Messages
        [warning] Unable to find script file C:/Users/user/JSAHN/SCDevice/scripts/import_and_simulate.py.
-- Message Window --
 
Ansys Electronics Desktop Version 2023.2.0, Build: 2023-05-16 22:25:19
Location: C:\Program Files\AnsysEM\v232\Win64\ansysedt.exe
Non Graphical Mode: No Project??
Starting Batch Run: 7:10:59 오후  4 23, 2026
Running as user: DESKTOP-G0J79H0\user
Temp directory: C:\Users\user\AppData\Local\Temp
Project directory: C:\Users\user\Documents\Ansoft
[warning] Unable to find script file C:/Users/user/JSAHN/SCDevice/scripts/import_and_simulate.py.
[Exiting application]
-- Message Window --
      *Global - Messages
        [warning] Unable to find script file C:/Users/user/JSAHN/SCDevice/scripts/import_and_simulate.py.
-- Message Window --
 
Ansys Electronics Desktop Version 2023.2.0, Build: 2023-05-16 22:25:19
Location: C:\Program Files\AnsysEM\v232\Win64\ansysedt.exe
Non Graphical Mode: No Project??
Starting Batch Run: 7:11:17 오후  4 23, 2026
Running as user: DESKTOP-G0J79H0\user
Temp directory: C:\Users\user\AppData\Local\Temp
Project directory: C:\Users\user\Documents\Ansoft
[warning] Unable to find script file C:/Users/user/JSAHN/SCDevice/scripts/import_and_simulate.py.
[Exiting application]
-- Message Window --
      *Global - Messages
        [warning] Unable to find script file C:/Users/user/JSAHN/SCDevice/scripts/import_and_simulate.py.
-- Message Window --
 
Ansys Electronics Desktop Version 2023.2.0, Build: 2023-05-16 22:25:19
Location: C:\Program Files\AnsysEM\v232\Win64\ansysedt.exe
Non Graphical Mode: No Project??
Starting Batch Run: 7:11:35 오후  4 23, 2026
Running as user: DESKTOP-G0J79H0\user
Temp directory: C:\Users\user\AppData\Local\Temp
Project directory: C:\Users\user\Documents\Ansoft
[warning] Unable to find script file C:/Users/user/JSAHN/SCDevice/scripts/import_and_simulate.py.
[Exiting application]
-- Message Window --
      *Global - Messages
        [warning] Unable to find script file C:/Users/user/JSAHN/SCDevice/scripts/import_and_simulate.py.
-- Message Window --
 
Ansys Electronics Desktop Version 2023.2.0, Build: 2023-05-16 22:25:19
Location: C:\Program Files\AnsysEM\v232\Win64\ansysedt.exe
Non Graphical Mode: No Project??
Starting Batch Run: 7:11:53 오후  4 23, 2026
Running as user: DESKTOP-G0J79H0\user
Temp directory: C:\Users\user\AppData\Local\Temp
Project directory: C:\Users\user\Documents\Ansoft
[warning] Unable to find script file C:/Users/user/JSAHN/SCDevice/scripts/import_and_simulate.py.
[Exiting application]
-- Message Window --
      *Global - Messages
        [warning] Unable to find script file C:/Users/user/JSAHN/SCDevice/scripts/import_and_simulate.py.
-- Message Window --
 
Ansys Electronics Desktop Version 2023.2.0, Build: 2023-05-16 22:25:19
Location: C:\Program Files\AnsysEM\v232\Win64\ansysedt.exe
Non Graphical Mode: No Project??
Starting Batch Run: 7:12:11 오후  4 23, 2026
Running as user: DESKTOP-G0J79H0\user
Temp directory: C:\Users\user\AppData\Local\Temp
Project directory: C:\Users\user\Documents\Ansoft
[warning] Unable to find script file C:/Users/user/JSAHN/SCDevice/scripts/import_and_simulate.py.
[Exiting application]
-- Message Window --
      *Global - Messages
        [warning] Unable to find script file C:/Users/user/JSAHN/SCDevice/scripts/import_and_simulate.py.
-- Message Window --
 
Ansys Electronics Desktop Version 2023.2.0, Build: 2023-05-16 22:25:19
Location: C:\Program Files\AnsysEM\v232\Win64\ansysedt.exe
Non Graphical Mode: No Project??
Starting Batch Run: 7:12:29 오후  4 23, 2026
Running as user: DESKTOP-G0J79H0\user
Temp directory: C:\Users\user\AppData\Local\Temp
Project directory: C:\Users\user\Documents\Ansoft
[warning] Unable to find script file C:/Users/user/JSAHN/SCDevice/scripts/import_and_simulate.py.
[Exiting application]
-- Message Window --
      *Global - Messages
        [warning] Unable to find script file C:/Users/user/JSAHN/SCDevice/scripts/import_and_simulate.py.
-- Message Window --
 
Ansys Electronics Desktop Version 2023.2.0, Build: 2023-05-16 22:25:19
Location: C:\Program Files\AnsysEM\v232\Win64\ansysedt.exe
Non Graphical Mode: No Project??
Starting Batch Run: 7:12:47 오후  4 23, 2026
Running as user: DESKTOP-G0J79H0\user
Temp directory: C:\Users\user\AppData\Local\Temp
Project directory: C:\Users\user\Documents\Ansoft
[warning] Unable to find script file C:/Users/user/JSAHN/SCDevice/scripts/import_and_simulate.py.
[Exiting application]
-- Message Window --
      *Global - Messages
        [warning] Unable to find script file C:/Users/user/JSAHN/SCDevice/scripts/import_and_simulate.py.
-- Message Window --
 
Ansys Electronics Desktop Version 2023.2.0, Build: 2023-05-16 22:25:19
Location: C:\Program Files\AnsysEM\v232\Win64\ansysedt.exe
Non Graphical Mode: No Project??
Starting Batch Run: 7:13:05 오후  4 23, 2026
Running as user: DESKTOP-G0J79H0\user
Temp directory: C:\Users\user\AppData\Local\Temp
Project directory: C:\Users\user\Documents\Ansoft
[warning] Unable to find script file C:/Users/user/JSAHN/SCDevice/scripts/import_and_simulate.py.
[Exiting application]
-- Message Window --
      *Global - Messages
        [warning] Unable to find script file C:/Users/user/JSAHN/SCDevice/scripts/import_and_simulate.py.
-- Message Window --
 
Ansys Electronics Desktop Version 2023.2.0, Build: 2023-05-16 22:25:19
Location: C:\Program Files\AnsysEM\v232\Win64\ansysedt.exe
Non Graphical Mode: No Project??
Starting Batch Run: 7:13:23 오후  4 23, 2026
Running as user: DESKTOP-G0J79H0\user
Temp directory: C:\Users\user\AppData\Local\Temp
Project directory: C:\Users\user\Documents\Ansoft
[warning] Unable to find script file C:/Users/user/JSAHN/SCDevice/scripts/import_and_simulate.py.
[Exiting application]
-- Message Window --
      *Global - Messages
        [warning] Unable to find script file C:/Users/user/JSAHN/SCDevice/scripts/import_and_simulate.py.
-- Message Window --
 
Ansys Electronics Desktop Version 2023.2.0, Build: 2023-05-16 22:25:19
Location: C:\Program Files\AnsysEM\v232\Win64\ansysedt.exe
Non Graphical Mode: No Project??
Starting Batch Run: 7:13:41 오후  4 23, 2026
Running as user: DESKTOP-G0J79H0\user
Temp directory: C:\Users\user\AppData\Local\Temp
Project directory: C:\Users\user\Documents\Ansoft
[warning] Unable to find script file C:/Users/user/JSAHN/SCDevice/scripts/import_and_simulate.py.
[Exiting application]
-- Message Window --
      *Global - Messages
        [warning] Unable to find script file C:/Users/user/JSAHN/SCDevice/scripts/import_and_simulate.py.
-- Message Window --
 
Ansys Electronics Desktop Version 2023.2.0, Build: 2023-05-16 22:25:19
Location: C:\Program Files\AnsysEM\v232\Win64\ansysedt.exe
Non Graphical Mode: No Project??
Starting Batch Run: 7:13:58 오후  4 23, 2026
Running as user: DESKTOP-G0J79H0\user
Temp directory: C:\Users\user\AppData\Local\Temp
Project directory: C:\Users\user\Documents\Ansoft
[warning] Unable to find script file C:/Users/user/JSAHN/SCDevice/scripts/import_and_simulate.py.
[Exiting application]
-- Message Window --
      *Global - Messages
        [warning] Unable to find script file C:/Users/user/JSAHN/SCDevice/scripts/import_and_simulate.py.
-- Message Window --
 
Ansys Electronics Desktop Version 2023.2.0, Build: 2023-05-16 22:25:19
Location: C:\Program Files\AnsysEM\v232\Win64\ansysedt.exe
Non Graphical Mode: No Project??
Starting Batch Run: 7:14:16 오후  4 23, 2026
Running as user: DESKTOP-G0J79H0\user
Temp directory: C:\Users\user\AppData\Local\Temp
Project directory: C:\Users\user\Documents\Ansoft
[warning] Unable to find script file C:/Users/user/JSAHN/SCDevice/scripts/import_and_simulate.py.
[Exiting application]
-- Message Window --
      *Global - Messages
        [warning] Unable to find script file C:/Users/user/JSAHN/SCDevice/scripts/import_and_simulate.py.
-- Message Window --
 
Ansys Electronics Desktop Version 2023.2.0, Build: 2023-05-16 22:25:19
Location: C:\Program Files\AnsysEM\v232\Win64\ansysedt.exe
Non Graphical Mode: No Project??
Starting Batch Run: 7:14:34 오후  4 23, 2026
Running as user: DESKTOP-G0J79H0\user
Temp directory: C:\Users\user\AppData\Local\Temp
Project directory: C:\Users\user\Documents\Ansoft
[warning] Unable to find script file C:/Users/user/JSAHN/SCDevice/scripts/import_and_simulate.py.
[Exiting application]
-- Message Window --
      *Global - Messages
        [warning] Unable to find script file C:/Users/user/JSAHN/SCDevice/scripts/import_and_simulate.py.
-- Message Window --
 
Ansys Electronics Desktop Version 2023.2.0, Build: 2023-05-16 22:25:19
Location: C:\Program Files\AnsysEM\v232\Win64\ansysedt.exe
Non Graphical Mode: No Project??
Starting Batch Run: 7:14:53 오후  4 23, 2026
Running as user: DESKTOP-G0J79H0\user
Temp directory: C:\Users\user\AppData\Local\Temp
Project directory: C:\Users\user\Documents\Ansoft
[warning] Unable to find script file C:/Users/user/JSAHN/SCDevice/scripts/import_and_simulate.py.
[Exiting application]
-- Message Window --
      *Global - Messages
        [warning] Unable to find script file C:/Users/user/JSAHN/SCDevice/scripts/import_and_simulate.py.
-- Message Window --
 
Ansys Electronics Desktop Version 2023.2.0, Build: 2023-05-16 22:25:19
Location: C:\Program Files\AnsysEM\v232\Win64\ansysedt.exe
Non Graphical Mode: No Project??
Starting Batch Run: 7:15:11 오후  4 23, 2026
Running as user: DESKTOP-G0J79H0\user
Temp directory: C:\Users\user\AppData\Local\Temp
Project directory: C:\Users\user\Documents\Ansoft
[warning] Unable to find script file C:/Users/user/JSAHN/SCDevice/scripts/import_and_simulate.py.
[Exiting application]
-- Message Window --
      *Global - Messages
        [warning] Unable to find script file C:/Users/user/JSAHN/SCDevice/scripts/import_and_simulate.py.
-- Message Window --
 
Ansys Electronics Desktop Version 2023.2.0, Build: 2023-05-16 22:25:19
Location: C:\Program Files\AnsysEM\v232\Win64\ansysedt.exe
Non Graphical Mode: No Project??
Starting Batch Run: 7:15:28 오후  4 23, 2026
Running as user: DESKTOP-G0J79H0\user
Temp directory: C:\Users\user\AppData\Local\Temp
Project directory: C:\Users\user\Documents\Ansoft
[warning] Unable to find script file C:/Users/user/JSAHN/SCDevice/scripts/import_and_simulate.py.
[Exiting application]
-- Message Window --
      *Global - Messages
        [warning] Unable to find script file C:/Users/user/JSAHN/SCDevice/scripts/import_and_simulate.py.
-- Message Window --
 
Ansys Electronics Desktop Version 2023.2.0, Build: 2023-05-16 22:25:19
Location: C:\Program Files\AnsysEM\v232\Win64\ansysedt.exe
Non Graphical Mode: No Project??
Starting Batch Run: 7:15:46 오후  4 23, 2026
Running as user: DESKTOP-G0J79H0\user
Temp directory: C:\Users\user\AppData\Local\Temp
Project directory: C:\Users\user\Documents\Ansoft
[warning] Unable to find script file C:/Users/user/JSAHN/SCDevice/scripts/import_and_simulate.py.
[Exiting application]
-- Message Window --
      *Global - Messages
        [warning] Unable to find script file C:/Users/user/JSAHN/SCDevice/scripts/import_and_simulate.py.
-- Message Window --
 
Ansys Electronics Desktop Version 2023.2.0, Build: 2023-05-16 22:25:19
Location: C:\Program Files\AnsysEM\v232\Win64\ansysedt.exe
Non Graphical Mode: No Project??
Starting Batch Run: 7:16:04 오후  4 23, 2026
Running as user: DESKTOP-G0J79H0\user
Temp directory: C:\Users\user\AppData\Local\Temp
Project directory: C:\Users\user\Documents\Ansoft
[warning] Unable to find script file C:/Users/user/JSAHN/SCDevice/scripts/import_and_simulate.py.
[Exiting application]
-- Message Window --
      *Global - Messages
        [warning] Unable to find script file C:/Users/user/JSAHN/SCDevice/scripts/import_and_simulate.py.
-- Message Window --
 
Ansys Electronics Desktop Version 2023.2.0, Build: 2023-05-16 22:25:19
Location: C:\Program Files\AnsysEM\v232\Win64\ansysedt.exe
Non Graphical Mode: No Project??
Starting Batch Run: 7:16:22 오후  4 23, 2026
Running as user: DESKTOP-G0J79H0\user
Temp directory: C:\Users\user\AppData\Local\Temp
Project directory: C:\Users\user\Documents\Ansoft
[warning] Unable to find script file C:/Users/user/JSAHN/SCDevice/scripts/import_and_simulate.py.
[Exiting application]
-- Message Window --
      *Global - Messages
        [warning] Unable to find script file C:/Users/user/JSAHN/SCDevice/scripts/import_and_simulate.py.
-- Message Window --
 
Ansys Electronics Desktop Version 2023.2.0, Build: 2023-05-16 22:25:19
Location: C:\Program Files\AnsysEM\v232\Win64\ansysedt.exe
Non Graphical Mode: No Project??
Starting Batch Run: 7:16:40 오후  4 23, 2026
Running as user: DESKTOP-G0J79H0\user
Temp directory: C:\Users\user\AppData\Local\Temp
Project directory: C:\Users\user\Documents\Ansoft
[warning] Unable to find script file C:/Users/user/JSAHN/SCDevice/scripts/import_and_simulate.py.
[Exiting application]
-- Message Window --
      *Global - Messages
        [warning] Unable to find script file C:/Users/user/JSAHN/SCDevice/scripts/import_and_simulate.py.
-- Message Window --
 
Ansys Electronics Desktop Version 2023.2.0, Build: 2023-05-16 22:25:19
Location: C:\Program Files\AnsysEM\v232\Win64\ansysedt.exe
Non Graphical Mode: No Project??
Starting Batch Run: 7:16:58 오후  4 23, 2026
Running as user: DESKTOP-G0J79H0\user
Temp directory: C:\Users\user\AppData\Local\Temp
Project directory: C:\Users\user\Documents\Ansoft
[warning] Unable to find script file C:/Users/user/JSAHN/SCDevice/scripts/import_and_simulate.py.
[Exiting application]
-- Message Window --
      *Global - Messages
        [warning] Unable to find script file C:/Users/user/JSAHN/SCDevice/scripts/import_and_simulate.py.
-- Message Window --
 
Ansys Electronics Desktop Version 2023.2.0, Build: 2023-05-16 22:25:19
Location: C:\Program Files\AnsysEM\v232\Win64\ansysedt.exe
Non Graphical Mode: No Project??
Starting Batch Run: 7:17:16 오후  4 23, 2026
Running as user: DESKTOP-G0J79H0\user
Temp directory: C:\Users\user\AppData\Local\Temp
Project directory: C:\Users\user\Documents\Ansoft
[warning] Unable to find script file C:/Users/user/JSAHN/SCDevice/scripts/import_and_simulate.py.
[Exiting application]
-- Message Window --
      *Global - Messages
        [warning] Unable to find script file C:/Users/user/JSAHN/SCDevice/scripts/import_and_simulate.py.
-- Message Window --
 
Ansys Electronics Desktop Version 2023.2.0, Build: 2023-05-16 22:25:19
Location: C:\Program Files\AnsysEM\v232\Win64\ansysedt.exe
Non Graphical Mode: No Project??
Starting Batch Run: 7:17:34 오후  4 23, 2026
Running as user: DESKTOP-G0J79H0\user
Temp directory: C:\Users\user\AppData\Local\Temp
Project directory: C:\Users\user\Documents\Ansoft
[warning] Unable to find script file C:/Users/user/JSAHN/SCDevice/scripts/import_and_simulate.py.
[Exiting application]
-- Message Window --
      *Global - Messages
        [warning] Unable to find script file C:/Users/user/JSAHN/SCDevice/scripts/import_and_simulate.py.
-- Message Window --
 
Ansys Electronics Desktop Version 2023.2.0, Build: 2023-05-16 22:25:19
Location: C:\Program Files\AnsysEM\v232\Win64\ansysedt.exe
Non Graphical Mode: No Project??
Starting Batch Run: 7:17:52 오후  4 23, 2026
Running as user: DESKTOP-G0J79H0\user
Temp directory: C:\Users\user\AppData\Local\Temp
Project directory: C:\Users\user\Documents\Ansoft
[warning] Unable to find script file C:/Users/user/JSAHN/SCDevice/scripts/import_and_simulate.py.
[Exiting application]
-- Message Window --
      *Global - Messages
        [warning] Unable to find script file C:/Users/user/JSAHN/SCDevice/scripts/import_and_simulate.py.
-- Message Window --
 
Ansys Electronics Desktop Version 2023.2.0, Build: 2023-05-16 22:25:19
Location: C:\Program Files\AnsysEM\v232\Win64\ansysedt.exe
Non Graphical Mode: No Project??
Starting Batch Run: 7:18:10 오후  4 23, 2026
Running as user: DESKTOP-G0J79H0\user
Temp directory: C:\Users\user\AppData\Local\Temp
Project directory: C:\Users\user\Documents\Ansoft
[warning] Unable to find script file C:/Users/user/JSAHN/SCDevice/scripts/import_and_simulate.py.
[Exiting application]
-- Message Window --
      *Global - Messages
        [warning] Unable to find script file C:/Users/user/JSAHN/SCDevice/scripts/import_and_simulate.py.
-- Message Window --
 
Ansys Electronics Desktop Version 2023.2.0, Build: 2023-05-16 22:25:19
Location: C:\Program Files\AnsysEM\v232\Win64\ansysedt.exe
Non Graphical Mode: No Project??
Starting Batch Run: 7:18:28 오후  4 23, 2026
Running as user: DESKTOP-G0J79H0\user
Temp directory: C:\Users\user\AppData\Local\Temp
Project directory: C:\Users\user\Documents\Ansoft
[warning] Unable to find script file C:/Users/user/JSAHN/SCDevice/scripts/import_and_simulate.py.
[Exiting application]
-- Message Window --
      *Global - Messages
        [warning] Unable to find script file C:/Users/user/JSAHN/SCDevice/scripts/import_and_simulate.py.
-- Message Window --
 
Ansys Electronics Desktop Version 2023.2.0, Build: 2023-05-16 22:25:19
Location: C:\Program Files\AnsysEM\v232\Win64\ansysedt.exe
Non Graphical Mode: No Project??
Starting Batch Run: 7:18:46 오후  4 23, 2026
Running as user: DESKTOP-G0J79H0\user
Temp directory: C:\Users\user\AppData\Local\Temp
Project directory: C:\Users\user\Documents\Ansoft
[warning] Unable to find script file C:/Users/user/JSAHN/SCDevice/scripts/import_and_simulate.py.
[Exiting application]
-- Message Window --
      *Global - Messages
        [warning] Unable to find script file C:/Users/user/JSAHN/SCDevice/scripts/import_and_simulate.py.
-- Message Window --
 
Ansys Electronics Desktop Version 2023.2.0, Build: 2023-05-16 22:25:19
Location: C:\Program Files\AnsysEM\v232\Win64\ansysedt.exe
Non Graphical Mode: No Project??
Starting Batch Run: 7:19:04 오후  4 23, 2026
Running as user: DESKTOP-G0J79H0\user
Temp directory: C:\Users\user\AppData\Local\Temp
Project directory: C:\Users\user\Documents\Ansoft
[warning] Unable to find script file C:/Users/user/JSAHN/SCDevice/scripts/import_and_simulate.py.
[Exiting application]
-- Message Window --
      *Global - Messages
        [warning] Unable to find script file C:/Users/user/JSAHN/SCDevice/scripts/import_and_simulate.py.
-- Message Window --
 
Ansys Electronics Desktop Version 2023.2.0, Build: 2023-05-16 22:25:19
Location: C:\Program Files\AnsysEM\v232\Win64\ansysedt.exe
Non Graphical Mode: No Project??
Starting Batch Run: 7:19:22 오후  4 23, 2026
Running as user: DESKTOP-G0J79H0\user
Temp directory: C:\Users\user\AppData\Local\Temp
Project directory: C:\Users\user\Documents\Ansoft
[warning] Unable to find script file C:/Users/user/JSAHN/SCDevice/scripts/import_and_simulate.py.
[Exiting application]
-- Message Window --
      *Global - Messages
        [warning] Unable to find script file C:/Users/user/JSAHN/SCDevice/scripts/import_and_simulate.py.
-- Message Window --
 
Ansys Electronics Desktop Version 2023.2.0, Build: 2023-05-16 22:25:19
Location: C:\Program Files\AnsysEM\v232\Win64\ansysedt.exe
Non Graphical Mode: No Project??
Starting Batch Run: 7:19:41 오후  4 23, 2026
Running as user: DESKTOP-G0J79H0\user
Temp directory: C:\Users\user\AppData\Local\Temp
Project directory: C:\Users\user\Documents\Ansoft
[warning] Unable to find script file C:/Users/user/JSAHN/SCDevice/scripts/import_and_simulate.py.
[Exiting application]
-- Message Window --
      *Global - Messages
        [warning] Unable to find script file C:/Users/user/JSAHN/SCDevice/scripts/import_and_simulate.py.
-- Message Window --
 
Ansys Electronics Desktop Version 2023.2.0, Build: 2023-05-16 22:25:19
Location: C:\Program Files\AnsysEM\v232\Win64\ansysedt.exe
Non Graphical Mode: No Project??
Starting Batch Run: 7:19:58 오후  4 23, 2026
Running as user: DESKTOP-G0J79H0\user
Temp directory: C:\Users\user\AppData\Local\Temp
Project directory: C:\Users\user\Documents\Ansoft
[warning] Unable to find script file C:/Users/user/JSAHN/SCDevice/scripts/import_and_simulate.py.
[Exiting application]
-- Message Window --
      *Global - Messages
        [warning] Unable to find script file C:/Users/user/JSAHN/SCDevice/scripts/import_and_simulate.py.
-- Message Window --
 
Ansys Electronics Desktop Version 2023.2.0, Build: 2023-05-16 22:25:19
Location: C:\Program Files\AnsysEM\v232\Win64\ansysedt.exe
Non Graphical Mode: No Project??
Starting Batch Run: 7:20:16 오후  4 23, 2026
Running as user: DESKTOP-G0J79H0\user
Temp directory: C:\Users\user\AppData\Local\Temp
Project directory: C:\Users\user\Documents\Ansoft
[warning] Unable to find script file C:/Users/user/JSAHN/SCDevice/scripts/import_and_simulate.py.
[Exiting application]
-- Message Window --
      *Global - Messages
        [warning] Unable to find script file C:/Users/user/JSAHN/SCDevice/scripts/import_and_simulate.py.
-- Message Window --
 
Ansys Electronics Desktop Version 2023.2.0, Build: 2023-05-16 22:25:19
Location: C:\Program Files\AnsysEM\v232\Win64\ansysedt.exe
Non Graphical Mode: No Project??
Starting Batch Run: 7:20:34 오후  4 23, 2026
Running as user: DESKTOP-G0J79H0\user
Temp directory: C:\Users\user\AppData\Local\Temp
Project directory: C:\Users\user\Documents\Ansoft
[warning] Unable to find script file C:/Users/user/JSAHN/SCDevice/scripts/import_and_simulate.py.
[Exiting application]
-- Message Window --
      *Global - Messages
        [warning] Unable to find script file C:/Users/user/JSAHN/SCDevice/scripts/import_and_simulate.py.
-- Message Window --
 
Ansys Electronics Desktop Version 2023.2.0, Build: 2023-05-16 22:25:19
Location: C:\Program Files\AnsysEM\v232\Win64\ansysedt.exe
Non Graphical Mode: No Project??
Starting Batch Run: 7:20:53 오후  4 23, 2026
Running as user: DESKTOP-G0J79H0\user
Temp directory: C:\Users\user\AppData\Local\Temp
Project directory: C:\Users\user\Documents\Ansoft
[warning] Unable to find script file C:/Users/user/JSAHN/SCDevice/scripts/import_and_simulate.py.
[Exiting application]
-- Message Window --
      *Global - Messages
        [warning] Unable to find script file C:/Users/user/JSAHN/SCDevice/scripts/import_and_simulate.py.
-- Message Window --
 
Ansys Electronics Desktop Version 2023.2.0, Build: 2023-05-16 22:25:19
Location: C:\Program Files\AnsysEM\v232\Win64\ansysedt.exe
Non Graphical Mode: No Project??
Starting Batch Run: 7:21:11 오후  4 23, 2026
Running as user: DESKTOP-G0J79H0\user
Temp directory: C:\Users\user\AppData\Local\Temp
Project directory: C:\Users\user\Documents\Ansoft
[warning] Unable to find script file C:/Users/user/JSAHN/SCDevice/scripts/import_and_simulate.py.
[Exiting application]
-- Message Window --
      *Global - Messages
        [warning] Unable to find script file C:/Users/user/JSAHN/SCDevice/scripts/import_and_simulate.py.
-- Message Window --
 
Ansys Electronics Desktop Version 2023.2.0, Build: 2023-05-16 22:25:19
Location: C:\Program Files\AnsysEM\v232\Win64\ansysedt.exe
Non Graphical Mode: No Project??
Starting Batch Run: 7:21:28 오후  4 23, 2026
Running as user: DESKTOP-G0J79H0\user
Temp directory: C:\Users\user\AppData\Local\Temp
Project directory: C:\Users\user\Documents\Ansoft
[warning] Unable to find script file C:/Users/user/JSAHN/SCDevice/scripts/import_and_simulate.py.
[Exiting application]
-- Message Window --
      *Global - Messages
        [warning] Unable to find script file C:/Users/user/JSAHN/SCDevice/scripts/import_and_simulate.py.
-- Message Window --
 
Ansys Electronics Desktop Version 2023.2.0, Build: 2023-05-16 22:25:19
Location: C:\Program Files\AnsysEM\v232\Win64\ansysedt.exe
Non Graphical Mode: No Project??
Starting Batch Run: 7:21:46 오후  4 23, 2026
Running as user: DESKTOP-G0J79H0\user
Temp directory: C:\Users\user\AppData\Local\Temp
Project directory: C:\Users\user\Documents\Ansoft
[warning] Unable to find script file C:/Users/user/JSAHN/SCDevice/scripts/import_and_simulate.py.
[Exiting application]
-- Message Window --
      *Global - Messages
        [warning] Unable to find script file C:/Users/user/JSAHN/SCDevice/scripts/import_and_simulate.py.
-- Message Window --
 
Ansys Electronics Desktop Version 2023.2.0, Build: 2023-05-16 22:25:19
Location: C:\Program Files\AnsysEM\v232\Win64\ansysedt.exe
Non Graphical Mode: No Project??
Starting Batch Run: 7:22:04 오후  4 23, 2026
Running as user: DESKTOP-G0J79H0\user
Temp directory: C:\Users\user\AppData\Local\Temp
Project directory: C:\Users\user\Documents\Ansoft
[warning] Unable to find script file C:/Users/user/JSAHN/SCDevice/scripts/import_and_simulate.py.
[Exiting application]
-- Message Window --
      *Global - Messages
        [warning] Unable to find script file C:/Users/user/JSAHN/SCDevice/scripts/import_and_simulate.py.
-- Message Window --
 
Ansys Electronics Desktop Version 2023.2.0, Build: 2023-05-16 22:25:19
Location: C:\Program Files\AnsysEM\v232\Win64\ansysedt.exe
Non Graphical Mode: No Project??
Starting Batch Run: 7:22:22 오후  4 23, 2026
Running as user: DESKTOP-G0J79H0\user
Temp directory: C:\Users\user\AppData\Local\Temp
Project directory: C:\Users\user\Documents\Ansoft
[warning] Unable to find script file C:/Users/user/JSAHN/SCDevice/scripts/import_and_simulate.py.
[Exiting application]
-- Message Window --
      *Global - Messages
        [warning] Unable to find script file C:/Users/user/JSAHN/SCDevice/scripts/import_and_simulate.py.
-- Message Window --
 
Ansys Electronics Desktop Version 2023.2.0, Build: 2023-05-16 22:25:19
Location: C:\Program Files\AnsysEM\v232\Win64\ansysedt.exe
Non Graphical Mode: No Project??
Starting Batch Run: 7:22:41 오후  4 23, 2026
Running as user: DESKTOP-G0J79H0\user
Temp directory: C:\Users\user\AppData\Local\Temp
Project directory: C:\Users\user\Documents\Ansoft
[warning] Unable to find script file C:/Users/user/JSAHN/SCDevice/scripts/import_and_simulate.py.
[Exiting application]
-- Message Window --
      *Global - Messages
        [warning] Unable to find script file C:/Users/user/JSAHN/SCDevice/scripts/import_and_simulate.py.
-- Message Window --
 
Ansys Electronics Desktop Version 2023.2.0, Build: 2023-05-16 22:25:19
Location: C:\Program Files\AnsysEM\v232\Win64\ansysedt.exe
Non Graphical Mode: No Project??
Starting Batch Run: 7:22:59 오후  4 23, 2026
Running as user: DESKTOP-G0J79H0\user
Temp directory: C:\Users\user\AppData\Local\Temp
Project directory: C:\Users\user\Documents\Ansoft
[warning] Unable to find script file C:/Users/user/JSAHN/SCDevice/scripts/import_and_simulate.py.
[Exiting application]
-- Message Window --
      *Global - Messages
        [warning] Unable to find script file C:/Users/user/JSAHN/SCDevice/scripts/import_and_simulate.py.
-- Message Window --
 
Ansys Electronics Desktop Version 2023.2.0, Build: 2023-05-16 22:25:19
Location: C:\Program Files\AnsysEM\v232\Win64\ansysedt.exe
Non Graphical Mode: No Project??
Starting Batch Run: 7:23:16 오후  4 23, 2026
Running as user: DESKTOP-G0J79H0\user
Temp directory: C:\Users\user\AppData\Local\Temp
Project directory: C:\Users\user\Documents\Ansoft
[warning] Unable to find script file C:/Users/user/JSAHN/SCDevice/scripts/import_and_simulate.py.
[Exiting application]
-- Message Window --
      *Global - Messages
        [warning] Unable to find script file C:/Users/user/JSAHN/SCDevice/scripts/import_and_simulate.py.
-- Message Window --
 
Ansys Electronics Desktop Version 2023.2.0, Build: 2023-05-16 22:25:19
Location: C:\Program Files\AnsysEM\v232\Win64\ansysedt.exe
Non Graphical Mode: No Project??
Starting Batch Run: 7:23:34 오후  4 23, 2026
Running as user: DESKTOP-G0J79H0\user
Temp directory: C:\Users\user\AppData\Local\Temp
Project directory: C:\Users\user\Documents\Ansoft
[warning] Unable to find script file C:/Users/user/JSAHN/SCDevice/scripts/import_and_simulate.py.
[Exiting application]
-- Message Window --
      *Global - Messages
        [warning] Unable to find script file C:/Users/user/JSAHN/SCDevice/scripts/import_and_simulate.py.
-- Message Window --
 
Ansys Electronics Desktop Version 2023.2.0, Build: 2023-05-16 22:25:19
Location: C:\Program Files\AnsysEM\v232\Win64\ansysedt.exe
Non Graphical Mode: No Project??
Starting Batch Run: 7:23:52 오후  4 23, 2026
Running as user: DESKTOP-G0J79H0\user
Temp directory: C:\Users\user\AppData\Local\Temp
Project directory: C:\Users\user\Documents\Ansoft
[warning] Unable to find script file C:/Users/user/JSAHN/SCDevice/scripts/import_and_simulate.py.
[Exiting application]
-- Message Window --
      *Global - Messages
        [warning] Unable to find script file C:/Users/user/JSAHN/SCDevice/scripts/import_and_simulate.py.
-- Message Window --
 
Ansys Electronics Desktop Version 2023.2.0, Build: 2023-05-16 22:25:19
Location: C:\Program Files\AnsysEM\v232\Win64\ansysedt.exe
Non Graphical Mode: No Project??
Starting Batch Run: 7:24:10 오후  4 23, 2026
Running as user: DESKTOP-G0J79H0\user
Temp directory: C:\Users\user\AppData\Local\Temp
Project directory: C:\Users\user\Documents\Ansoft
[warning] Unable to find script file C:/Users/user/JSAHN/SCDevice/scripts/import_and_simulate.py.
[Exiting application]
-- Message Window --
      *Global - Messages
        [warning] Unable to find script file C:/Users/user/JSAHN/SCDevice/scripts/import_and_simulate.py.
-- Message Window --
 
Ansys Electronics Desktop Version 2023.2.0, Build: 2023-05-16 22:25:19
Location: C:\Program Files\AnsysEM\v232\Win64\ansysedt.exe
Non Graphical Mode: No Project??
Starting Batch Run: 7:24:28 오후  4 23, 2026
Running as user: DESKTOP-G0J79H0\user
Temp directory: C:\Users\user\AppData\Local\Temp
Project directory: C:\Users\user\Documents\Ansoft
[warning] Unable to find script file C:/Users/user/JSAHN/SCDevice/scripts/import_and_simulate.py.
[Exiting application]
-- Message Window --
      *Global - Messages
        [warning] Unable to find script file C:/Users/user/JSAHN/SCDevice/scripts/import_and_simulate.py.
-- Message Window --
 
Ansys Electronics Desktop Version 2023.2.0, Build: 2023-05-16 22:25:19
Location: C:\Program Files\AnsysEM\v232\Win64\ansysedt.exe
Non Graphical Mode: No Project??
Starting Batch Run: 7:24:46 오후  4 23, 2026
Running as user: DESKTOP-G0J79H0\user
Temp directory: C:\Users\user\AppData\Local\Temp
Project directory: C:\Users\user\Documents\Ansoft
[warning] Unable to find script file C:/Users/user/JSAHN/SCDevice/scripts/import_and_simulate.py.
[Exiting application]
-- Message Window --
      *Global - Messages
        [warning] Unable to find script file C:/Users/user/JSAHN/SCDevice/scripts/import_and_simulate.py.
-- Message Window --
 
Ansys Electronics Desktop Version 2023.2.0, Build: 2023-05-16 22:25:19
Location: C:\Program Files\AnsysEM\v232\Win64\ansysedt.exe
Non Graphical Mode: No Project??
Starting Batch Run: 7:25:04 오후  4 23, 2026
Running as user: DESKTOP-G0J79H0\user
Temp directory: C:\Users\user\AppData\Local\Temp
Project directory: C:\Users\user\Documents\Ansoft
[warning] Unable to find script file C:/Users/user/JSAHN/SCDevice/scripts/import_and_simulate.py.
[Exiting application]
-- Message Window --
      *Global - Messages
        [warning] Unable to find script file C:/Users/user/JSAHN/SCDevice/scripts/import_and_simulate.py.
-- Message Window --
 
Ansys Electronics Desktop Version 2023.2.0, Build: 2023-05-16 22:25:19
Location: C:\Program Files\AnsysEM\v232\Win64\ansysedt.exe
Non Graphical Mode: No Project??
Starting Batch Run: 7:25:22 오후  4 23, 2026
Running as user: DESKTOP-G0J79H0\user
Temp directory: C:\Users\user\AppData\Local\Temp
Project directory: C:\Users\user\Documents\Ansoft
[warning] Unable to find script file C:/Users/user/JSAHN/SCDevice/scripts/import_and_simulate.py.
[Exiting application]
-- Message Window --
      *Global - Messages
        [warning] Unable to find script file C:/Users/user/JSAHN/SCDevice/scripts/import_and_simulate.py.
-- Message Window --
 
Ansys Electronics Desktop Version 2023.2.0, Build: 2023-05-16 22:25:19
Location: C:\Program Files\AnsysEM\v232\Win64\ansysedt.exe
Non Graphical Mode: No Project??
Starting Batch Run: 7:25:40 오후  4 23, 2026
Running as user: DESKTOP-G0J79H0\user
Temp directory: C:\Users\user\AppData\Local\Temp
Project directory: C:\Users\user\Documents\Ansoft
[warning] Unable to find script file C:/Users/user/JSAHN/SCDevice/scripts/import_and_simulate.py.
[Exiting application]
-- Message Window --
      *Global - Messages
        [warning] Unable to find script file C:/Users/user/JSAHN/SCDevice/scripts/import_and_simulate.py.
-- Message Window --
 
Ansys Electronics Desktop Version 2023.2.0, Build: 2023-05-16 22:25:19
Location: C:\Program Files\AnsysEM\v232\Win64\ansysedt.exe
Non Graphical Mode: No Project??
Starting Batch Run: 7:25:58 오후  4 23, 2026
Running as user: DESKTOP-G0J79H0\user
Temp directory: C:\Users\user\AppData\Local\Temp
Project directory: C:\Users\user\Documents\Ansoft
[warning] Unable to find script file C:/Users/user/JSAHN/SCDevice/scripts/import_and_simulate.py.
[Exiting application]
-- Message Window --
      *Global - Messages
        [warning] Unable to find script file C:/Users/user/JSAHN/SCDevice/scripts/import_and_simulate.py.
-- Message Window --
 
Ansys Electronics Desktop Version 2023.2.0, Build: 2023-05-16 22:25:19
Location: C:\Program Files\AnsysEM\v232\Win64\ansysedt.exe
Non Graphical Mode: No Project??
Starting Batch Run: 7:26:16 오후  4 23, 2026
Running as user: DESKTOP-G0J79H0\user
Temp directory: C:\Users\user\AppData\Local\Temp
Project directory: C:\Users\user\Documents\Ansoft
[warning] Unable to find script file C:/Users/user/JSAHN/SCDevice/scripts/import_and_simulate.py.
[Exiting application]
-- Message Window --
      *Global - Messages
        [warning] Unable to find script file C:/Users/user/JSAHN/SCDevice/scripts/import_and_simulate.py.
-- Message Window --
 
Ansys Electronics Desktop Version 2023.2.0, Build: 2023-05-16 22:25:19
Location: C:\Program Files\AnsysEM\v232\Win64\ansysedt.exe
Non Graphical Mode: No Project??
Starting Batch Run: 7:26:34 오후  4 23, 2026
Running as user: DESKTOP-G0J79H0\user
Temp directory: C:\Users\user\AppData\Local\Temp
Project directory: C:\Users\user\Documents\Ansoft
[warning] Unable to find script file C:/Users/user/JSAHN/SCDevice/scripts/import_and_simulate.py.
[Exiting application]
-- Message Window --
      *Global - Messages
        [warning] Unable to find script file C:/Users/user/JSAHN/SCDevice/scripts/import_and_simulate.py.
-- Message Window --
 
Ansys Electronics Desktop Version 2023.2.0, Build: 2023-05-16 22:25:19
Location: C:\Program Files\AnsysEM\v232\Win64\ansysedt.exe
Non Graphical Mode: No Project??
Starting Batch Run: 10:09:55 오전  4 30, 2026
Running as user: DESKTOP-G0J79H0\user
Temp directory: C:\Users\user\AppData\Local\Temp
Project directory: C:\Users\user\Documents\Ansoft
[warning] Unable to find script file C:/Users/user/JSAHN/SCDevice/scripts/import_and_simulate.py.
[Exiting application]
-- Message Window --
      *Global - Messages
        [warning] Unable to find script file C:/Users/user/JSAHN/SCDevice/scripts/import_and_simulate.py.
-- Message Window --
 
Ansys Electronics Desktop Version 2023.2.0, Build: 2023-05-16 22:25:19
Location: C:\Program Files\AnsysEM\v232\Win64\ansysedt.exe
Non Graphical Mode: No Project??
Starting Batch Run: 10:51:47 오전  4 30, 2026
Running as user: DESKTOP-G0J79H0\user
Temp directory: C:\Users\user\AppData\Local\Temp
Project directory: C:\Users\user\Documents\Ansoft
[warning] Unable to find script file C:/Users/user/JSAHN/SCDevice/scripts/import_and_simulate.py.
[Exiting application]
-- Message Window --
      *Global - Messages
        [warning] Unable to find script file C:/Users/user/JSAHN/SCDevice/scripts/import_and_simulate.py.
-- Message Window --
 
Ansys Electronics Desktop Version 2023.2.0, Build: 2023-05-16 22:25:19
Location: C:\Program Files\AnsysEM\v232\Win64\ansysedt.exe
Non Graphical Mode: No Project??
Starting Batch Run: 10:52:06 오전  4 30, 2026
Running as user: DESKTOP-G0J79H0\user
Temp directory: C:\Users\user\AppData\Local\Temp
Project directory: C:\Users\user\Documents\Ansoft
[warning] Unable to find script file C:/Users/user/JSAHN/SCDevice/scripts/import_and_simulate.py.
[Exiting application]
-- Message Window --
      *Global - Messages
        [warning] Unable to find script file C:/Users/user/JSAHN/SCDevice/scripts/import_and_simulate.py.
-- Message Window --
 
Ansys Electronics Desktop Version 2023.2.0, Build: 2023-05-16 22:25:19
Location: C:\Program Files\AnsysEM\v232\Win64\ansysedt.exe
Non Graphical Mode: No Project??
Starting Batch Run: 7:52:41 오후  5 04, 2026
Running as user: DESKTOP-G0J79H0\user
Temp directory: C:\Users\user\AppData\Local\Temp
Project directory: C:\Users\user\Documents\Ansoft
[warning] Unable to find script file C:/Users/user/JSAHN/SCDevice/scripts/import_and_simulate.py.
[Exiting application]
-- Message Window --
      *Global - Messages
        [warning] Unable to find script file C:/Users/user/JSAHN/SCDevice/scripts/import_and_simulate.py.
-- Message Window --
 
Ansys Electronics Desktop Version 2023.2.0, Build: 2023-05-16 22:25:19
Location: C:\Program Files\AnsysEM\v232\Win64\ansysedt.exe
Non Graphical Mode: No Project??
Starting Batch Run: 7:53:01 오후  5 04, 2026
Running as user: DESKTOP-G0J79H0\user
Temp directory: C:\Users\user\AppData\Local\Temp
Project directory: C:\Users\user\Documents\Ansoft
[warning] Unable to find script file C:/Users/user/JSAHN/SCDevice/scripts/import_and_simulate.py.
[Exiting application]
-- Message Window --
      *Global - Messages
        [warning] Unable to find script file C:/Users/user/JSAHN/SCDevice/scripts/import_and_simulate.py.
-- Message Window --
 
Ansys Electronics Desktop Version 2023.2.0, Build: 2023-05-16 22:25:19
Location: C:\Program Files\AnsysEM\v232\Win64\ansysedt.exe
Non Graphical Mode: No Project??
Starting Batch Run: 7:53:20 오후  5 04, 2026
Running as user: DESKTOP-G0J79H0\user
Temp directory: C:\Users\user\AppData\Local\Temp
Project directory: C:\Users\user\Documents\Ansoft
[warning] Unable to find script file C:/Users/user/JSAHN/SCDevice/scripts/import_and_simulate.py.
[Exiting application]
-- Message Window --
      *Global - Messages
        [warning] Unable to find script file C:/Users/user/JSAHN/SCDevice/scripts/import_and_simulate.py.
-- Message Window --
 
Ansys Electronics Desktop Version 2023.2.0, Build: 2023-05-16 22:25:19
Location: C:\Program Files\AnsysEM\v232\Win64\ansysedt.exe
Non Graphical Mode: No Project??
Starting Batch Run: 7:53:39 오후  5 04, 2026
Running as user: DESKTOP-G0J79H0\user
Temp directory: C:\Users\user\AppData\Local\Temp
Project directory: C:\Users\user\Documents\Ansoft
[warning] Unable to find script file C:/Users/user/JSAHN/SCDevice/scripts/import_and_simulate.py.
[Exiting application]
-- Message Window --
      *Global - Messages
        [warning] Unable to find script file C:/Users/user/JSAHN/SCDevice/scripts/import_and_simulate.py.
-- Message Window --
 
Ansys Electronics Desktop Version 2023.2.0, Build: 2023-05-16 22:25:19
Location: C:\Program Files\AnsysEM\v232\Win64\ansysedt.exe
Non Graphical Mode: No Project??
Starting Batch Run: 7:56:23 오후  5 04, 2026
Running as user: DESKTOP-G0J79H0\user
Temp directory: C:\Users\user\AppData\Local\Temp
Project directory: C:\Users\user\Documents\Ansoft
[warning] Unable to find script file C:/Users/user/JSAHN/SCDevice/scripts/import_and_simulate.py.
[Exiting application]
-- Message Window --
      *Global - Messages
        [warning] Unable to find script file C:/Users/user/JSAHN/SCDevice/scripts/import_and_simulate.py.
-- Message Window --
 
Ansys Electronics Desktop Version 2023.2.0, Build: 2023-05-16 22:25:19
Location: C:\Program Files\AnsysEM\v232\Win64\ansysedt.exe
Non Graphical Mode: No Project??
Starting Batch Run: 7:56:42 오후  5 04, 2026
Running as user: DESKTOP-G0J79H0\user
Temp directory: C:\Users\user\AppData\Local\Temp
Project directory: C:\Users\user\Documents\Ansoft
[warning] Unable to find script file C:/Users/user/JSAHN/SCDevice/scripts/import_and_simulate.py.
[Exiting application]
-- Message Window --
      *Global - Messages
        [warning] Unable to find script file C:/Users/user/JSAHN/SCDevice/scripts/import_and_simulate.py.
-- Message Window --
 
Ansys Electronics Desktop Version 2023.2.0, Build: 2023-05-16 22:25:19
Location: C:\Program Files\AnsysEM\v232\Win64\ansysedt.exe
Non Graphical Mode: No Project??
Starting Batch Run: 7:57:01 오후  5 04, 2026
Running as user: DESKTOP-G0J79H0\user
Temp directory: C:\Users\user\AppData\Local\Temp
Project directory: C:\Users\user\Documents\Ansoft
[warning] Unable to find script file C:/Users/user/JSAHN/SCDevice/scripts/import_and_simulate.py.
[Exiting application]
-- Message Window --
      *Global - Messages
        [warning] Unable to find script file C:/Users/user/JSAHN/SCDevice/scripts/import_and_simulate.py.
-- Message Window --
 
Ansys Electronics Desktop Version 2023.2.0, Build: 2023-05-16 22:25:19
Location: C:\Program Files\AnsysEM\v232\Win64\ansysedt.exe
Non Graphical Mode: No Project??
Starting Batch Run: 7:57:20 오후  5 04, 2026
Running as user: DESKTOP-G0J79H0\user
Temp directory: C:\Users\user\AppData\Local\Temp
Project directory: C:\Users\user\Documents\Ansoft
[warning] Unable to find script file C:/Users/user/JSAHN/SCDevice/scripts/import_and_simulate.py.
[Exiting application]
-- Message Window --
      *Global - Messages
        [warning] Unable to find script file C:/Users/user/JSAHN/SCDevice/scripts/import_and_simulate.py.
-- Message Window --
 
Ansys Electronics Desktop Version 2023.2.0, Build: 2023-05-16 22:25:19
Location: C:\Program Files\AnsysEM\v232\Win64\ansysedt.exe
Non Graphical Mode: No Project??
Starting Batch Run: 8:06:57 오후  5 04, 2026
Running as user: DESKTOP-G0J79H0\user
Temp directory: C:\Users\user\AppData\Local\Temp
Project directory: C:\Users\user\Documents\Ansoft
[warning] Unable to find script file C:/Users/user/JSAHN/SCDevice/scripts/import_and_simulate.py.
[Exiting application]
-- Message Window --
      *Global - Messages
        [warning] Unable to find script file C:/Users/user/JSAHN/SCDevice/scripts/import_and_simulate.py.
-- Message Window --
 
Ansys Electronics Desktop Version 2023.2.0, Build: 2023-05-16 22:25:19
Location: C:\Program Files\AnsysEM\v232\Win64\ansysedt.exe
Non Graphical Mode: No Project??
Starting Batch Run: 8:07:17 오후  5 04, 2026
Running as user: DESKTOP-G0J79H0\user
Temp directory: C:\Users\user\AppData\Local\Temp
Project directory: C:\Users\user\Documents\Ansoft
[warning] Unable to find script file C:/Users/user/JSAHN/SCDevice/scripts/import_and_simulate.py.
[Exiting application]
-- Message Window --
      *Global - Messages
        [warning] Unable to find script file C:/Users/user/JSAHN/SCDevice/scripts/import_and_simulate.py.
-- Message Window --
 
Ansys Electronics Desktop Version 2023.2.0, Build: 2023-05-16 22:25:19
Location: C:\Program Files\AnsysEM\v232\Win64\ansysedt.exe
Non Graphical Mode: No Project??
Starting Batch Run: 8:07:37 오후  5 04, 2026
Running as user: DESKTOP-G0J79H0\user
Temp directory: C:\Users\user\AppData\Local\Temp
Project directory: C:\Users\user\Documents\Ansoft
[warning] Unable to find script file C:/Users/user/JSAHN/SCDevice/scripts/import_and_simulate.py.
[Exiting application]
-- Message Window --
      *Global - Messages
        [warning] Unable to find script file C:/Users/user/JSAHN/SCDevice/scripts/import_and_simulate.py.
-- Message Window --
 
Ansys Electronics Desktop Version 2023.2.0, Build: 2023-05-16 22:25:19
Location: C:\Program Files\AnsysEM\v232\Win64\ansysedt.exe
Non Graphical Mode: No Project??
Starting Batch Run: 8:07:56 오후  5 04, 2026
Running as user: DESKTOP-G0J79H0\user
Temp directory: C:\Users\user\AppData\Local\Temp
Project directory: C:\Users\user\Documents\Ansoft
[warning] Unable to find script file C:/Users/user/JSAHN/SCDevice/scripts/import_and_simulate.py.
[Exiting application]
-- Message Window --
      *Global - Messages
        [warning] Unable to find script file C:/Users/user/JSAHN/SCDevice/scripts/import_and_simulate.py.
-- Message Window --
 
Ansys Electronics Desktop Version 2023.2.0, Build: 2023-05-16 22:25:19
Location: C:\Program Files\AnsysEM\v232\Win64\ansysedt.exe
Non Graphical Mode: No Project??
Starting Batch Run: 8:48:09 오후  5 04, 2026
Running as user: DESKTOP-G0J79H0\user
Temp directory: C:\Users\user\AppData\Local\Temp
Project directory: C:\Users\user\Documents\Ansoft
[warning] Unable to find script file C:/Users/user/JSAHN/SCDevice/scripts/import_and_simulate.py.
[Exiting application]
-- Message Window --
      *Global - Messages
        [warning] Unable to find script file C:/Users/user/JSAHN/SCDevice/scripts/import_and_simulate.py.
-- Message Window --
 
Ansys Electronics Desktop Version 2023.2.0, Build: 2023-05-16 22:25:19
Location: C:\Program Files\AnsysEM\v232\Win64\ansysedt.exe
Non Graphical Mode: No Project??
Starting Batch Run: 8:48:28 오후  5 04, 2026
Running as user: DESKTOP-G0J79H0\user
Temp directory: C:\Users\user\AppData\Local\Temp
Project directory: C:\Users\user\Documents\Ansoft
[warning] Unable to find script file C:/Users/user/JSAHN/SCDevice/scripts/import_and_simulate.py.
[Exiting application]
-- Message Window --
      *Global - Messages
        [warning] Unable to find script file C:/Users/user/JSAHN/SCDevice/scripts/import_and_simulate.py.
-- Message Window --
 
Ansys Electronics Desktop Version 2023.2.0, Build: 2023-05-16 22:25:19
Location: C:\Program Files\AnsysEM\v232\Win64\ansysedt.exe
Non Graphical Mode: No Project??
Starting Batch Run: 8:48:47 오후  5 04, 2026
Running as user: DESKTOP-G0J79H0\user
Temp directory: C:\Users\user\AppData\Local\Temp
Project directory: C:\Users\user\Documents\Ansoft
[warning] Unable to find script file C:/Users/user/JSAHN/SCDevice/scripts/import_and_simulate.py.
[Exiting application]
-- Message Window --
      *Global - Messages
        [warning] Unable to find script file C:/Users/user/JSAHN/SCDevice/scripts/import_and_simulate.py.
-- Message Window --
 
Ansys Electronics Desktop Version 2023.2.0, Build: 2023-05-16 22:25:19
Location: C:\Program Files\AnsysEM\v232\Win64\ansysedt.exe
Non Graphical Mode: No Project??
Starting Batch Run: 8:49:06 오후  5 04, 2026
Running as user: DESKTOP-G0J79H0\user
Temp directory: C:\Users\user\AppData\Local\Temp
Project directory: C:\Users\user\Documents\Ansoft
[warning] Unable to find script file C:/Users/user/JSAHN/SCDevice/scripts/import_and_simulate.py.
[Exiting application]
-- Message Window --
      *Global - Messages
        [warning] Unable to find script file C:/Users/user/JSAHN/SCDevice/scripts/import_and_simulate.py.
-- Message Window --
 
Ansys Electronics Desktop Version 2023.2.0, Build: 2023-05-16 22:25:19
Location: C:\Program Files\AnsysEM\v232\Win64\ansysedt.exe
Non Graphical Mode: No Project??
Starting Batch Run: 9:03:33 오후  5 04, 2026
Running as user: DESKTOP-G0J79H0\user
Temp directory: C:\Users\user\AppData\Local\Temp
Project directory: C:\Users\user\Documents\Ansoft
[warning] Unable to find script file C:/Users/user/JSAHN/SCDevice/scripts/import_and_simulate.py.
[Exiting application]
-- Message Window --
      *Global - Messages
        [warning] Unable to find script file C:/Users/user/JSAHN/SCDevice/scripts/import_and_simulate.py.
-- Message Window --
 
Ansys Electronics Desktop Version 2023.2.0, Build: 2023-05-16 22:25:19
Location: C:\Program Files\AnsysEM\v232\Win64\ansysedt.exe
Non Graphical Mode: No Project??
Starting Batch Run: 9:11:28 오후  5 04, 2026
Running as user: DESKTOP-G0J79H0\user
Temp directory: C:\Users\user\AppData\Local\Temp
Project directory: C:\Users\user\Documents\Ansoft
[warning] Unable to find script file C:/Users/user/JSAHN/SCDevice/scripts/import_and_simulate.py.
[Exiting application]
-- Message Window --
      *Global - Messages
        [warning] Unable to find script file C:/Users/user/JSAHN/SCDevice/scripts/import_and_simulate.py.
-- Message Window --
 
Ansys Electronics Desktop Version 2023.2.0, Build: 2023-05-16 22:25:19
Location: C:\Program Files\AnsysEM\v232\Win64\ansysedt.exe
Non Graphical Mode: No Project??
Starting Batch Run: 9:56:54 오후  5 04, 2026
Running as user: DESKTOP-G0J79H0\user
Temp directory: C:\Users\user\AppData\Local\Temp
Project directory: C:\Users\user\Documents\Ansoft
[warning] Unable to find script file C:/Users/user/JSAHN/SCDevice/scripts/import_and_simulate.py.
[Exiting application]
-- Message Window --
      *Global - Messages
        [warning] Unable to find script file C:/Users/user/JSAHN/SCDevice/scripts/import_and_simulate.py.
-- Message Window --
 
Ansys Electronics Desktop Version 2023.2.0, Build: 2023-05-16 22:25:19
Location: C:\Program Files\AnsysEM\v232\Win64\ansysedt.exe
Non Graphical Mode: No Project??
Starting Batch Run: 9:57:14 오후  5 04, 2026
Running as user: DESKTOP-G0J79H0\user
Temp directory: C:\Users\user\AppData\Local\Temp
Project directory: C:\Users\user\Documents\Ansoft
[warning] Unable to find script file C:/Users/user/JSAHN/SCDevice/scripts/import_and_simulate.py.
[Exiting application]
-- Message Window --
      *Global - Messages
        [warning] Unable to find script file C:/Users/user/JSAHN/SCDevice/scripts/import_and_simulate.py.
-- Message Window --
 
Ansys Electronics Desktop Version 2023.2.0, Build: 2023-05-16 22:25:19
Location: C:\Program Files\AnsysEM\v232\Win64\ansysedt.exe
Non Graphical Mode: No Project??
Starting Batch Run: 9:57:34 오후  5 04, 2026
Running as user: DESKTOP-G0J79H0\user
Temp directory: C:\Users\user\AppData\Local\Temp
Project directory: C:\Users\user\Documents\Ansoft
[warning] Unable to find script file C:/Users/user/JSAHN/SCDevice/scripts/import_and_simulate.py.
[Exiting application]
-- Message Window --
      *Global - Messages
        [warning] Unable to find script file C:/Users/user/JSAHN/SCDevice/scripts/import_and_simulate.py.
-- Message Window --
 
Ansys Electronics Desktop Version 2023.2.0, Build: 2023-05-16 22:25:19
Location: C:\Program Files\AnsysEM\v232\Win64\ansysedt.exe
Non Graphical Mode: No Project??
Starting Batch Run: 9:57:53 오후  5 04, 2026
Running as user: DESKTOP-G0J79H0\user
Temp directory: C:\Users\user\AppData\Local\Temp
Project directory: C:\Users\user\Documents\Ansoft
[warning] Unable to find script file C:/Users/user/JSAHN/SCDevice/scripts/import_and_simulate.py.
[Exiting application]
-- Message Window --
      *Global - Messages
        [warning] Unable to find script file C:/Users/user/JSAHN/SCDevice/scripts/import_and_simulate.py.
-- Message Window --
 
Ansys Electronics Desktop Version 2023.2.0, Build: 2023-05-16 22:25:19
Location: C:\Program Files\AnsysEM\v232\Win64\ansysedt.exe
Non Graphical Mode: No Project??
Starting Batch Run: 10:19:50 오후  5 04, 2026
Running as user: DESKTOP-G0J79H0\user
Temp directory: C:\Users\user\AppData\Local\Temp
Project directory: C:\Users\user\Documents\Ansoft
[warning] Unable to find script file C:/Users/user/JSAHN/SCDevice/scripts/import_and_simulate.py.
[Exiting application]
-- Message Window --
      *Global - Messages
        [warning] Unable to find script file C:/Users/user/JSAHN/SCDevice/scripts/import_and_simulate.py.
-- Message Window --
 
Ansys Electronics Desktop Version 2023.2.0, Build: 2023-05-16 22:25:19
Location: C:\Program Files\AnsysEM\v232\Win64\ansysedt.exe
Non Graphical Mode: No Project??
Starting Batch Run: 10:20:10 오후  5 04, 2026
Running as user: DESKTOP-G0J79H0\user
Temp directory: C:\Users\user\AppData\Local\Temp
Project directory: C:\Users\user\Documents\Ansoft
[warning] Unable to find script file C:/Users/user/JSAHN/SCDevice/scripts/import_and_simulate.py.
[Exiting application]
-- Message Window --
      *Global - Messages
        [warning] Unable to find script file C:/Users/user/JSAHN/SCDevice/scripts/import_and_simulate.py.
-- Message Window --
 
Ansys Electronics Desktop Version 2023.2.0, Build: 2023-05-16 22:25:19
Location: C:\Program Files\AnsysEM\v232\Win64\ansysedt.exe
Non Graphical Mode: No Project??
Starting Batch Run: 10:20:29 오후  5 04, 2026
Running as user: DESKTOP-G0J79H0\user
Temp directory: C:\Users\user\AppData\Local\Temp
Project directory: C:\Users\user\Documents\Ansoft
[warning] Unable to find script file C:/Users/user/JSAHN/SCDevice/scripts/import_and_simulate.py.
[Exiting application]
-- Message Window --
      *Global - Messages
        [warning] Unable to find script file C:/Users/user/JSAHN/SCDevice/scripts/import_and_simulate.py.
-- Message Window --
 
Ansys Electronics Desktop Version 2023.2.0, Build: 2023-05-16 22:25:19
Location: C:\Program Files\AnsysEM\v232\Win64\ansysedt.exe
Non Graphical Mode: No Project??
Starting Batch Run: 10:20:47 오후  5 04, 2026
Running as user: DESKTOP-G0J79H0\user
Temp directory: C:\Users\user\AppData\Local\Temp
Project directory: C:\Users\user\Documents\Ansoft
[warning] Unable to find script file C:/Users/user/JSAHN/SCDevice/scripts/import_and_simulate.py.
[Exiting application]
-- Message Window --
      *Global - Messages
        [warning] Unable to find script file C:/Users/user/JSAHN/SCDevice/scripts/import_and_simulate.py.
-- Message Window --
